App.tsx(31,22): error TS2339: Property 'env' does not exist on type 'ImportMeta'.
services/apiService.ts(6,50): error TS2339: Property 'env' does not exist on type 'ImportMeta'.
services/apiService.ts(101,20): error TS2339: Property 'env' does not exist on type 'ImportMeta'.
services/apiService.ts(101,52): error TS2339: Property 'env' does not exist on type 'ImportMeta'.
